// Jest Snapshot v1, https://goo.gl/fbAQLP

exports[`createMarkerType create 1`] = `
{
  "affectedRadiusMarkers": {},
  "affectedRadiusMarkersLayer": NewClass {
    "_initHooksCalled": true,
    "_layers": {},
    "options": {},
  },
  "clusterGroup": NewClass {
    "_initHooksCalled": true,
    "_layers": {},
    "options": {},
  },
  "locations": [],
  "locationsMap": {},
  "markerType": "myType",
  "markers": {},
}
`;
